ash-fb 30x10
cursor: 13,4 bar
0 |    ┌─ Rename ───────────┐    | 0:30-
1 |    │                    │    | 0:30-
2 |    │ New name:          │    | 0:30-
3 |    │ ┌────────────────┐ │    | 0:30-
4 |    │ │main.c          │ │    | 0:30-
5 |    │ └────────────────┘ │    | 0:30-
6 |    │ [OK]               │    | 0:6- 6:18A 24:6-
7 |    │ [Cancel]           │    | 0:30-
8 |    │                    │    | 0:30-
9 |    └────────────────────┘    | 0:30-
legend:
 A fg=default bg=default reverse
