ash-fb 34x12
cursor: 5,2 bar
0 |                                  | 0:34-
1 |  ┌────────────────────────────┐  | 0:34-
2 |  │>                           │  | 0:34-
3 |  │────────────────────────────│  | 0:34-
4 |  │src/ui/tui.c                │  | 0:3- 3:28A 31:3-
5 |  │src/ui/menubar.c            │  | 0:34-
6 |  │src/term/input.c            │  | 0:34-
7 |  │README.md                   │  | 0:34-
8 |  │Makefile                    │  | 0:34-
9 |  │                            │  | 0:34-
10 |  └────────────────────────────┘  | 0:34-
11 |                                  | 0:34-
legend:
 A fg=default bg=default reverse
