ash-fb 44x14
cursor: 4,6 bar
0 |                                            | 0:44-
1 |                                            | 0:44-
2 |                                            | 0:44-
3 |                                            | 0:44-
4 | ┌─ Settings ─────────────────────────────┐ | 0:44-
5 | │Edit Model:                             │ | 0:44-
6 | │m1                                      │ | 0:44-
7 | │Enter save   Esc cancel                 │ | 0:44-
8 | └────────────────────────────────────────┘ | 0:44-
9 |                                            | 0:44-
10 |                                            | 0:44-
11 |                                            | 0:44-
12 |                                            | 0:44-
13 |                                            | 0:44-
legend:
