ash-fb 24x30
cursor: hidden
0 |                        | 0:24A
1 | hello world            | 0:1A 1:11B 12:12A
2 |                        | 0:24A
3 | $ grep foo             | 0:1- 1:10C 11:13-
4 | L01                    | 0:1- 1:3D 4:20-
5 | L02                    | 0:1- 1:3D 4:20-
6 | L03                    | 0:1- 1:3D 4:20-
7 | L04                    | 0:1- 1:3D 4:20-
8 | L05                    | 0:1- 1:3D 4:20-
9 | L06                    | 0:1- 1:3D 4:20-
10 | L07                    | 0:1- 1:3D 4:20-
11 | L08                    | 0:1- 1:3D 4:20-
12 | L09                    | 0:1- 1:3D 4:20-
13 | L10                    | 0:1- 1:3D 4:20-
14 | L11                    | 0:1- 1:3D 4:20-
15 | L12                    | 0:1- 1:3D 4:20-
16 | L13                    | 0:1- 1:3D 4:20-
17 | L14                    | 0:1- 1:3D 4:20-
18 | L15                    | 0:1- 1:3D 4:20-
19 | L16                    | 0:1- 1:3D 4:20-
20 | L17                    | 0:1- 1:3D 4:20-
21 | L18                    | 0:1- 1:3D 4:20-
22 | L19                    | 0:1- 1:3D 4:20-
23 | L20                    | 0:1- 1:3D 4:20-
24 | L21                    | 0:1- 1:3D 4:20-
25 | L22                    | 0:1- 1:3D 4:20-
26 | L23                    | 0:1- 1:3D 4:20-
27 |                        | 0:24-
28 |                        | 0:24-
29 |                        | 0:24-
legend:
 A fg=default bg=d2e1f5 none
 B fg=141e2d bg=d2e1f5 
 C fg=default bg=default bold
 D fg=6e6e6e bg=default 
